TAP version 13
# Subtest: H02 real verified TLS protocol refuses redirects and duplicate authority headers without forwarding caller credentials
ok 1 - H02 real verified TLS protocol refuses redirects and duplicate authority headers without forwarding caller credentials
  ---
  duration_ms: 3663.134469
  type: 'test'
  ...
# Subtest: H02 session expiry during admitted async request body denies before native dispatch
ok 2 - H02 session expiry during admitted async request body denies before native dispatch
  ---
  duration_ms: 7443.581747
  type: 'test'
  ...
# Subtest: H02 session expiry during actual upstream response await denies before native bytes or cookie release
ok 3 - H02 session expiry during actual upstream response await denies before native bytes or cookie release
  ---
  duration_ms: 7585.211113
  type: 'test'
  ...
1..3
# tests 3
# suites 0
# pass 3
# fail 0
# cancelled 0
# skipped 0
# todo 0
# duration_ms 18750.330233
