TAP version 13
# Subtest: brand asset manifest binds approved source, exact bytes, MIME types and dimensions
ok 1 - brand asset manifest binds approved source, exact bytes, MIME types and dimensions
  ---
  duration_ms: 10.581132
  type: 'test'
  ...
# Subtest: README, web manifest and container reference the complete pragmatic icon set
ok 2 - README, web manifest and container reference the complete pragmatic icon set
  ---
  duration_ms: 0.779541
  type: 'test'
  ...
# Subtest: README provenance stays product-neutral while linking exact source maps
ok 3 - README provenance stays product-neutral while linking exact source maps
  ---
  duration_ms: 0.713577
  type: 'test'
  ...
# Subtest: BI-agent serves exact brand bytes and denies unknown, traversal-shaped and wrong-method routes
ok 4 - BI-agent serves exact brand bytes and denies unknown, traversal-shaped and wrong-method routes
  ---
  duration_ms: 98.819371
  type: 'test'
  ...
# Subtest: H02 owner-configured agent route prefix keeps browser calls on the exact native tenant route
ok 5 - H02 owner-configured agent route prefix keeps browser calls on the exact native tenant route
  ---
  duration_ms: 100.397309
  type: 'test'
  ...
# Subtest: H02 prefixed native form copies only its exact current owner-issued anti-CSRF token into the same native POST
ok 6 - H02 prefixed native form copies only its exact current owner-issued anti-CSRF token into the same native POST
  ---
  duration_ms: 62.44271
  type: 'test'
  ...
# Subtest: H02 absent hosted prefix preserves accepted local HTML bytes and original cookie-free form submission
ok 7 - H02 absent hosted prefix preserves accepted local HTML bytes and original cookie-free form submission
  ---
  duration_ms: 56.833313
  type: 'test'
  ...
1..7
# tests 7
# suites 0
# pass 7
# fail 0
# cancelled 0
# skipped 0
# todo 0
# duration_ms 174.08291
